// Jest Snapshot v1, https://goo.gl/fbAQLP

exports[`LoginPage component renders a LoginPage component 1`] = `
<section
  className="LoginPage"
>
  <h2>
    Login
  </h2>
  <LoginForm
    onLoginSuccess={[Function]}
  />
</section>
`;
