// Jest Snapshot v1, https://goo.gl/fbAQLP

exports[`HomePage component renders a HomePage component by default 1`] = `
<section
  className="HomePage"
>
  <h2>
    Upcoming Occasions
  </h2>
  <div
    className="HomePage__friends"
  />
</section>
`;
